[    1529ms] [INFO] %cDownload the React DevTools for a better development experience: https://react.dev/link/react-devtools font-weight:bold @ http://localhost:3000/_next/static/chunks/0o54_next_dist_0ejps8b._.js:2477
[    1621ms] [LOG] [HMR] connected @ http://localhost:3000/_next/static/chunks/0o54_next_dist_0ejps8b._.js:2477
[    1770ms] [LOG] [Fast Refresh] rebuilding @ http://localhost:3000/_next/static/chunks/0o54_next_dist_0ejps8b._.js:2477
[    2309ms] [LOG] [Fast Refresh] done in 640ms @ http://localhost:3000/_next/static/chunks/0o54_next_dist_0ejps8b._.js:2477
[    2354ms] [WARNING] Failed to decode downloaded font: http://localhost:3000/fonts/satoshi/satoshi-500.woff2 @ http://localhost:3000/auth/login:0
[    2354ms] [WARNING] OTS parsing error: invalid sfntVersion: 1008813135 @ http://localhost:3000/auth/login:0
[    2354ms] [WARNING] Failed to decode downloaded font: http://localhost:3000/fonts/satoshi/satoshi-500.woff2 @ http://localhost:3000/auth/login:0
[    2354ms] [WARNING] OTS parsing error: invalid sfntVersion: 1008813135 @ http://localhost:3000/auth/login:0
[    2354ms] [WARNING] Failed to decode downloaded font: http://localhost:3000/fonts/satoshi/satoshi-700.woff2 @ http://localhost:3000/auth/login:0
[    2354ms] [WARNING] OTS parsing error: invalid sfntVersion: 1008813135 @ http://localhost:3000/auth/login:0
[    2354ms] [WARNING] Failed to decode downloaded font: http://localhost:3000/fonts/satoshi/satoshi-700.woff2 @ http://localhost:3000/auth/login:0
[    2354ms] [WARNING] OTS parsing error: invalid sfntVersion: 1008813135 @ http://localhost:3000/auth/login:0
[    2354ms] [WARNING] Failed to decode downloaded font: http://localhost:3000/fonts/satoshi/satoshi-400.woff2 @ http://localhost:3000/auth/login:0
[    2354ms] [WARNING] OTS parsing error: invalid sfntVersion: 1008813135 @ http://localhost:3000/auth/login:0
[    2354ms] [WARNING] Failed to decode downloaded font: http://localhost:3000/fonts/satoshi/satoshi-400.woff2 @ http://localhost:3000/auth/login:0
[    2355ms] [WARNING] OTS parsing error: invalid sfntVersion: 1008813135 @ http://localhost:3000/auth/login:0
[   11447ms] [WARNING] Detected `scroll-behavior: smooth` on the `<html>` element. To disable smooth scrolling during route transitions, add `data-scroll-behavior="smooth"` to your <html> element. Learn more: https://nextjs.org/docs/messages/missing-data-scroll-behavior @ http://localhost:3000/_next/static/chunks/0o54_next_dist_0ejps8b._.js:2477
[   11686ms] [LOG] [Fast Refresh] rebuilding @ http://localhost:3000/_next/static/chunks/0o54_next_dist_0ejps8b._.js:2477
[   11744ms] [ERROR] Failed to load resource: the server responded with a status of 404 (Not Found) @ http://localhost:3000/images/brand/icon.png:0
[   12017ms] [LOG] [Fast Refresh] done in 435ms @ http://localhost:3000/_next/static/chunks/0o54_next_dist_0ejps8b._.js:2477
